// Jest Snapshot v1, https://goo.gl/fbAQLP

exports[`Greetings component renders correctly 1`] = `
<p>
  Hello, World!
</p>
`;
